
> frm@1.0.0 build
> npm run lint && tsc -b && vite build


> frm@1.0.0 lint
> eslint .


C:\forom\src\App.tsx
   30:17  error  Fast refresh only works when a file only exports components. Use a new file to share constants or functions between components                                                                                                                                                                                                                                                                                                                                                                                                                                                                                                                                                                                                                                                                                                                                                                                                                                                                                                                 react-refresh/only-export-components
  136:7   error  Error: Calling setState synchronously within an effect can trigger cascading renders

Effects are intended to synchronize state between React and external systems such as manually updating the DOM, state management libraries, or other platform APIs. In general, the body of an effect should do one or both of the following:
* Update external systems with the latest state from React.
* Subscribe for updates from some external system, calling setState in a callback function when external state changes.

Calling setState synchronously within an effect body causes cascading renders that can hurt performance, and is not recommended. (https://react.dev/learn/you-might-not-need-an-effect).

C:\forom\src\App.tsx:136:7
  134 |   useEffect(() => {
  135 |     if (seasonPhase === 'V1' && personalQuests.length >= 100) {
> 136 |       setSeasonPhase('V2')
      |       ^^^^^^^^^^^^^^ Avoid calling setState() directly within an effect
  137 |     }
  138 |   }, [personalQuests.length, seasonPhase])
  139 |  react-hooks/set-state-in-effect

C:\forom\src\components\CarouselGrid.tsx
   54:14  error  Fast refresh only works when a file only exports components. Use a new file to share constants or functions between components  react-refresh/only-export-components
  121:43  error  '_updatedMemory' is defined but never used                                                                                      @typescript-eslint/no-unused-vars
  491:17  error  'itemBorderColor' is never reassigned. Use 'const' instead                                                                      prefer-const
  596:21  error  'itemBorderColor' is never reassigned. Use 'const' instead                                                                      prefer-const

C:\forom\src\components\ChooseColorScreen.tsx
  19:14  error  Fast refresh only works when a file only exports components. Use a new file to share constants or functions between components  react-refresh/only-export-components

C:\forom\src\components\Header.tsx
  81:7  error  Error: Calling setState synchronously within an effect can trigger cascading renders

Effects are intended to synchronize state between React and external systems such as manually updating the DOM, state management libraries, or other platform APIs. In general, the body of an effect should do one or both of the following:
* Update external systems with the latest state from React.
* Subscribe for updates from some external system, calling setState in a callback function when external state changes.

Calling setState synchronously within an effect body causes cascading renders that can hurt performance, and is not recommended. (https://react.dev/learn/you-might-not-need-an-effect).

C:\forom\src\components\Header.tsx:81:7
  79 |       closeIconTimerRef.current = setTimeout(() => setIsCloseIcon(true), 500)
  80 |     } else {
> 81 |       setIsCloseIcon(false)
     |       ^^^^^^^^^^^^^^ Avoid calling setState() directly within an effect
  82 |     }
  83 |     return () => { if (closeIconTimerRef.current) clearTimeout(closeIconTimerRef.current) }
  84 |   }, [isSearchActive])  react-hooks/set-state-in-effect

C:\forom\src\components\HeartFAB.tsx
  113:30  error  Error: Cannot call impure function during render

`Date.now` is an impure function. Calling an impure function can produce unstable results that update unpredictably when the component happens to re-render. (https://react.dev/reference/rules/components-and-hooks-must-be-pure#components-and-hooks-must-be-idempotent).

C:\forom\src\components\HeartFAB.tsx:113:30
  111 |   // Mutable refs ΓÇô avoids stale-closure problems inside the interval
  112 |   const accRef      = useRef(0)        // accumulated visible-tab ms
> 113 |   const lastTickRef = useRef(Date.now())
      |                              ^^^^^^^^^^ Cannot call impure function
  114 |   const nextIdRef   = useRef(0)
  115 |
  116 |   // ΓöÇΓöÇ Initialise from localStorage ΓöÇΓöÇΓöÇΓöÇΓöÇΓöÇΓöÇΓöÇΓöÇΓöÇΓöÇΓöÇΓöÇΓöÇΓöÇΓöÇΓöÇΓöÇΓöÇΓöÇΓöÇΓöÇΓöÇΓöÇΓöÇΓöÇΓöÇΓöÇΓöÇΓöÇΓöÇΓöÇΓöÇΓöÇΓöÇΓöÇΓöÇΓöÇΓöÇΓöÇΓöÇΓöÇΓöÇΓöÇ                                                                    react-hooks/purity
  204:47  error  Error: Cannot call impure function during render

`Math.random` is an impure function. Calling an impure function can produce unstable results that update unpredictably when the component happens to re-render. (https://react.dev/reference/rules/components-and-hooks-must-be-pure#components-and-hooks-must-be-idempotent).

C:\forom\src\components\HeartFAB.tsx:204:47
  202 |               style={{ bottom: '100%', left: '50%' }}
  203 |               initial={{ opacity: 1, x: dx - 11, y: 0, scale: 0.8 }}
> 204 |               animate={{ opacity: 0, x: dx + (Math.random() * 10 - 5), y: -60, scale: 1.3 }}
      |                                               ^^^^^^^^^^^^^ Cannot call impure function
  205 |               exit={{ opacity: 0 }}
  206 |               transition={{ duration: 1.3, ease: [0.22, 1, 0.36, 1] }}
  207 |             >  react-hooks/purity

C:\forom\src\components\MemoryModal.tsx
   93:10  error  '_index' is defined but never used                                                                                                                                                                                                                                                                                                                                                                                                                                                                                                                                                                                                                                                                                                                                                                                                                                                                                                                                                                                                                                                                                                                                               @typescript-eslint/no-unused-vars
  104:30  error  Unexpected any. Specify a different type                                                                                                                                                                                                                                                                                                                                                                                                                                                                                                                                                                                                                                                                                                                                                                                                                                                                                                                                                                                                                                                                                                                                         @typescript-eslint/no-explicit-any
  117:7   error  Error: Calling setState synchronously within an effect can trigger cascading renders

Effects are intended to synchronize state between React and external systems such as manually updating the DOM, state management libraries, or other platform APIs. In general, the body of an effect should do one or both of the following:
* Update external systems with the latest state from React.
* Subscribe for updates from some external system, calling setState in a callback function when external state changes.

Calling setState synchronously within an effect body causes cascading renders that can hurt performance, and is not recommended. (https://react.dev/learn/you-might-not-need-an-effect).

C:\forom\src\components\MemoryModal.tsx:117:7
  115 |     if (memory) {
  116 |       const defaultEmptyTitle = memory.title.startsWith('Emplacement ') ? '' : memory.title;
> 117 |       setFormData({
      |       ^^^^^^^^^^^ Avoid calling setState() directly within an effect
  118 |         question: memory.question,
  119 |         title: memory.isFilled ? memory.title : defaultEmptyTitle,
  120 |         videoUrl: memory.videoUrl || '',  react-hooks/set-state-in-effect
  145:7   error  Error: Calling setState synchronously within an effect can trigger cascading renders

Effects are intended to synchronize state between React and external systems such as manually updating the DOM, state management libraries, or other platform APIs. In general, the body of an effect should do one or both of the following:
* Update external systems with the latest state from React.
* Subscribe for updates from some external system, calling setState in a callback function when external state changes.

Calling setState synchronously within an effect body causes cascading renders that can hurt performance, and is not recommended. (https://react.dev/learn/you-might-not-need-an-effect).

C:\forom\src\components\MemoryModal.tsx:145:7
  143 |       if (ytPlayerRef.current?.destroy) ytPlayerRef.current.destroy()
  144 |       ytPlayerRef.current = null
> 145 |       setVideoCurrentTime(0)
      |       ^^^^^^^^^^^^^^^^^^^ Avoid calling setState() directly within an effect
  146 |       setVideoDuration(0)
  147 |       return
  148 |     }                                                                                           react-hooks/set-state-in-effect

C:\forom\src\components\QuestModal.tsx
   14:17   error  Fast refresh only works when a file only exports components. Use a new file to share constants or functions between components                                                                                                                                                                                                                                                                                                                                                                                                                                                                                                                                                                                                                                                                                                                                                                                                                                                                                                                              react-refresh/only-export-components
  184:7    error  Error: Calling setState synchronously within an effect can trigger cascading renders

Effects are intended to synchronize state between React and external systems such as manually updating the DOM, state management libraries, or other platform APIs. In general, the body of an effect should do one or both of the following:
* Update external systems with the latest state from React.
* Subscribe for updates from some external system, calling setState in a callback function when external state changes.

Calling setState synchronously within an effect body causes cascading renders that can hurt performance, and is not recommended. (https://react.dev/learn/you-might-not-need-an-effect).

C:\forom\src\components\QuestModal.tsx:184:7
  182 |   useEffect(() => {
  183 |     if (acceptedQuestId) {
> 184 |       setBoardSelectedId(acceptedQuestId)
      |       ^^^^^^^^^^^^^^^^^^ Avoid calling setState() directly within an effect
  185 |       setActiveTab('community')
  186 |     }
  187 |   }, [acceptedQuestId])  react-hooks/set-state-in-effect
  418:100  error  Unexpected any. Specify a different type                                                                                                                                                                                                                                                                                                                                                                                                                                                                                                                                                                                                                                                                                                                                                                                                                                                                                                                                                                                                                    @typescript-eslint/no-explicit-any
  554:102  error  Unexpected any. Specify a different type                                                                                                                                                                                                                                                                                                                                                                                                                                                                                                                                                                                                                                                                                                                                                                                                                                                                                                                                                                                                                    @typescript-eslint/no-explicit-any

C:\forom\src\components\RichTextEditor.tsx
   46:17  error    Fast refresh only works when a file only exports components. Use a new file to share constants or functions between components  react-refresh/only-export-components
   60:17  error    Fast refresh only works when a file only exports components. Use a new file to share constants or functions between components  react-refresh/only-export-components
  141:6   warning  React Hook useEffect has a missing dependency: 'blocks'. Either include it or remove the dependency array                       react-hooks/exhaustive-deps

C:\forom\src\components\SettingsModal.tsx
  88:7  error  Error: Calling setState synchronously within an effect can trigger cascading renders

Effects are intended to synchronize state between React and external systems such as manually updating the DOM, state management libraries, or other platform APIs. In general, the body of an effect should do one or both of the following:
* Update external systems with the latest state from React.
* Subscribe for updates from some external system, calling setState in a callback function when external state changes.

Calling setState synchronously within an effect body causes cascading renders that can hurt performance, and is not recommended. (https://react.dev/learn/you-might-not-need-an-effect).

C:\forom\src\components\SettingsModal.tsx:88:7
  86 |   useEffect(() => {
  87 |     if (isOpen) {
> 88 |       setLocalCategoryLabels({ ...currentCategoryLabels })
     |       ^^^^^^^^^^^^^^^^^^^^^^ Avoid calling setState() directly within an effect
  89 |       setLocalQuestionLabels({ ...currentQuestionLabels })
  90 |     }
  91 |   }, [isOpen, currentCategoryLabels, currentQuestionLabels])  react-hooks/set-state-in-effect

C:\forom\src\data\memories.ts
  179:33  error  '_categoryIndex' is defined but never used  @typescript-eslint/no-unused-vars

C:\forom\src\stores\useModalStore.ts
  21:18  error  Unexpected any. Specify a different type  @typescript-eslint/no-explicit-any
  23:19  error  Unexpected any. Specify a different type  @typescript-eslint/no-explicit-any
  24:18  error  Unexpected any. Specify a different type  @typescript-eslint/no-explicit-any
  28:23  error  Unexpected any. Specify a different type  @typescript-eslint/no-explicit-any
  32:25  error  Unexpected any. Specify a different type  @typescript-eslint/no-explicit-any
  33:23  error  Unexpected any. Specify a different type  @typescript-eslint/no-explicit-any

Γ£û 29 problems (28 errors, 1 warning)
  2 errors and 0 warnings potentially fixable with the `--fix` option.

